Running on node: gpu002
Fri Jan 30 12:38:25 2026       
+-----------------------------------------------------------------------------------------+
| NVIDIA-SMI 570.124.06             Driver Version: 570.124.06     CUDA Version: 12.8     |
|-----------------------------------------+------------------------+----------------------+
| GPU  Name                 Persistence-M | Bus-Id          Disp.A | Volatile Uncorr. ECC |
| Fan  Temp   Perf          Pwr:Usage/Cap |           Memory-Usage | GPU-Util  Compute M. |
|                                         |                        |               MIG M. |
|=========================================+========================+======================|
|   0  Tesla V100-SXM2-16GB           Off |   00000000:62:00.0 Off |                    0 |
| N/A   36C    P0             40W /  300W |       1MiB /  16384MiB |      0%      Default |
|                                         |                        |                  N/A |
+-----------------------------------------+------------------------+----------------------+
|   1  Tesla V100-SXM2-16GB           Off |   00000000:89:00.0 Off |                    0 |
| N/A   36C    P0             41W /  300W |       1MiB /  16384MiB |      0%      Default |
|                                         |                        |                  N/A |
+-----------------------------------------+------------------------+----------------------+
                                                                                         
+-----------------------------------------------------------------------------------------+
| Processes:                                                                              |
|  GPU   GI   CI              PID   Type   Process name                        GPU Memory |
|        ID   ID                                                               Usage      |
|=========================================================================================|
|  No running processes found                                                             |
+-----------------------------------------------------------------------------------------+
[2026-01-30 12:38:41,494][main][INFO] - Saving the outputs in /beegfs/muduchuru/codes/physicsnemo/examples/weather/corrdiff
[2026-01-30 12:38:41,496][checkpoint][WARNING] - Provided checkpoint directory checkpoints_regression_era5mswx/checkpoints_regression does not exist, skipping load
[2026-01-30 12:38:41,522][main][INFO] - Using dataset: era5mswx
[2026-01-30 12:38:41,522][main][INFO] - Saving the outputs in /beegfs/muduchuru/codes/physicsnemo/examples/weather/corrdiff
[2026-01-30 12:38:41,524][checkpoint][WARNING] - Provided checkpoint directory checkpoints_regression_era5mswx/checkpoints_regression does not exist, skipping load
[2026-01-30 12:38:56,996][main][INFO] - Patch-based training disabled
[2026-01-30 12:38:59,901][checkpoint][WARNING] - Provided checkpoint directory checkpoints_regression_era5mswx/checkpoints_regression does not exist, skipping load
[2026-01-30 12:38:59,902][main][INFO] - Using 1 gradient accumulation rounds
[2026-01-30 12:38:59,904][main][INFO] - Training a non-patched model: patch gradient accumulation automatically disabled.
[2026-01-30 12:38:59,913][checkpoint][WARNING] - Provided checkpoint directory checkpoints_regression_era5mswx/checkpoints_regression does not exist, skipping load
[2026-01-30 12:38:59,926][checkpoint][WARNING] - Provided checkpoint directory checkpoints_regression_era5mswx/checkpoints_regression does not exist, skipping load
[2026-01-30 12:38:59,926][checkpoint][WARNING] - Provided checkpoint directory checkpoints_regression_era5mswx/checkpoints_regression does not exist, skipping load
[2026-01-30 12:38:59,927][main][INFO] - Training for 1000000 images...
[2026-01-30 12:40:58,350][main][INFO] - Starting Profiler at 384
[2026-01-30 12:41:01,807][main][INFO] - Stopping Profiler at 400
[2026-01-30 12:42:51,323][main][INFO] - samples 1008.0    training_loss 7928.58 training_loss_running_mean 18550.48 learning_rate 0.00020000 total_sec 231.4   sec_per_tick 11.2    sec_per_sample 0.70    cpu_mem_gb 5.99   peak_gpu_mem_gb 9.72   peak_gpu_mem_reserved_gb 10.07 
[2026-01-30 12:45:36,242][main][INFO] - samples 2000.0    training_loss 4210.16 training_loss_running_mean 6216.87 learning_rate 0.00020000 total_sec 396.3   sec_per_tick 11.1    sec_per_sample 0.70    cpu_mem_gb 5.99   peak_gpu_mem_gb 9.73   peak_gpu_mem_reserved_gb 10.07 
[2026-01-30 12:48:23,576][main][INFO] - samples 3008.0    training_loss 3749.68 training_loss_running_mean 5209.76 learning_rate 0.00020000 total_sec 563.7   sec_per_tick 11.2    sec_per_sample 0.70    cpu_mem_gb 5.99   peak_gpu_mem_gb 9.73   peak_gpu_mem_reserved_gb 10.07 
[2026-01-30 12:51:08,430][main][INFO] - samples 4000.0    training_loss 3097.15 training_loss_running_mean 4719.02 learning_rate 0.00020000 total_sec 728.5   sec_per_tick 11.1    sec_per_sample 0.70    cpu_mem_gb 5.99   peak_gpu_mem_gb 9.73   peak_gpu_mem_reserved_gb 10.07 
[2026-01-30 12:53:55,746][main][INFO] - samples 5008.0    training_loss 3794.33 training_loss_running_mean 4910.61 learning_rate 0.00020000 total_sec 895.8   sec_per_tick 11.1    sec_per_sample 0.70    cpu_mem_gb 5.99   peak_gpu_mem_gb 9.73   peak_gpu_mem_reserved_gb 10.07 
[2026-01-30 12:53:55,749][checkpoint][WARNING] - Output directory checkpoints_regression_era5mswx/checkpoints_regression does not exist, will attempt to create
[2026-01-30 12:53:56,899][checkpoint][INFO] - Saved model state dictionary: /beegfs/muduchuru/codes/physicsnemo/examples/weather/corrdiff/checkpoints_regression_era5mswx/checkpoints_regression/UNet.0.5008.mdlus
[2026-01-30 12:53:57,851][checkpoint][INFO] - Saved training checkpoint: /beegfs/muduchuru/codes/physicsnemo/examples/weather/corrdiff/checkpoints_regression_era5mswx/checkpoints_regression/checkpoint.0.5008.pt
[2026-01-30 12:56:42,284][main][INFO] - samples 6000.0    training_loss 3167.14 training_loss_running_mean 5595.24 learning_rate 0.00020000 total_sec 1062.4  sec_per_tick 11.1    sec_per_sample 0.70    cpu_mem_gb 6.00   peak_gpu_mem_gb 9.73   peak_gpu_mem_reserved_gb 10.07 
[2026-01-30 12:59:29,470][main][INFO] - samples 7008.0    training_loss 6367.31 training_loss_running_mean 4781.79 learning_rate 0.00020000 total_sec 1229.6  sec_per_tick 11.2    sec_per_sample 0.70    cpu_mem_gb 6.00   peak_gpu_mem_gb 9.73   peak_gpu_mem_reserved_gb 10.07 
[2026-01-30 13:02:14,055][main][INFO] - samples 8000.0    training_loss 2277.54 training_loss_running_mean 4668.99 learning_rate 0.00020000 total_sec 1394.1  sec_per_tick 11.2    sec_per_sample 0.70    cpu_mem_gb 6.00   peak_gpu_mem_gb 9.73   peak_gpu_mem_reserved_gb 10.07 
[2026-01-30 13:05:01,271][main][INFO] - samples 9008.0    training_loss 3382.62 training_loss_running_mean 4701.47 learning_rate 0.00020000 total_sec 1561.4  sec_per_tick 11.2    sec_per_sample 0.70    cpu_mem_gb 6.00   peak_gpu_mem_gb 9.73   peak_gpu_mem_reserved_gb 10.07 
[2026-01-30 13:07:45,916][main][INFO] - samples 10000.0   training_loss 3540.18 training_loss_running_mean 4413.59 learning_rate 0.00020000 total_sec 1726.0  sec_per_tick 11.1    sec_per_sample 0.70    cpu_mem_gb 5.90   peak_gpu_mem_gb 9.73   peak_gpu_mem_reserved_gb 10.07 
[2026-01-30 13:07:46,978][checkpoint][INFO] - Saved model state dictionary: /beegfs/muduchuru/codes/physicsnemo/examples/weather/corrdiff/checkpoints_regression_era5mswx/checkpoints_regression/UNet.0.10000.mdlus
[2026-01-30 13:07:47,931][checkpoint][INFO] - Saved training checkpoint: /beegfs/muduchuru/codes/physicsnemo/examples/weather/corrdiff/checkpoints_regression_era5mswx/checkpoints_regression/checkpoint.0.10000.pt
[2026-01-30 13:10:34,712][main][INFO] - samples 11008.0   training_loss 5643.14 training_loss_running_mean 4189.34 learning_rate 0.00020000 total_sec 1894.8  sec_per_tick 11.1    sec_per_sample 0.70    cpu_mem_gb 5.92   peak_gpu_mem_gb 9.73   peak_gpu_mem_reserved_gb 10.07 
[2026-01-30 13:13:19,237][main][INFO] - samples 12000.0   training_loss 4464.31 training_loss_running_mean 4596.64 learning_rate 0.00020000 total_sec 2059.3  sec_per_tick 11.2    sec_per_sample 0.70    cpu_mem_gb 5.92   peak_gpu_mem_gb 9.73   peak_gpu_mem_reserved_gb 10.07 
[2026-01-30 13:16:06,343][main][INFO] - samples 13008.0   training_loss 3026.21 training_loss_running_mean 4633.10 learning_rate 0.00020000 total_sec 2226.4  sec_per_tick 11.1    sec_per_sample 0.69    cpu_mem_gb 5.92   peak_gpu_mem_gb 9.73   peak_gpu_mem_reserved_gb 10.07 
[2026-01-30 13:18:50,807][main][INFO] - samples 14000.0   training_loss 8240.01 training_loss_running_mean 4241.63 learning_rate 0.00020000 total_sec 2390.9  sec_per_tick 11.2    sec_per_sample 0.70    cpu_mem_gb 5.92   peak_gpu_mem_gb 9.73   peak_gpu_mem_reserved_gb 10.07 
[2026-01-30 13:21:37,802][main][INFO] - samples 15008.0   training_loss 3627.01 training_loss_running_mean 4516.03 learning_rate 0.00020000 total_sec 2557.9  sec_per_tick 11.2    sec_per_sample 0.70    cpu_mem_gb 5.92   peak_gpu_mem_gb 9.73   peak_gpu_mem_reserved_gb 10.07 
[2026-01-30 13:21:38,868][checkpoint][INFO] - Saved model state dictionary: /beegfs/muduchuru/codes/physicsnemo/examples/weather/corrdiff/checkpoints_regression_era5mswx/checkpoints_regression/UNet.0.15008.mdlus
[2026-01-30 13:21:39,799][checkpoint][INFO] - Saved training checkpoint: /beegfs/muduchuru/codes/physicsnemo/examples/weather/corrdiff/checkpoints_regression_era5mswx/checkpoints_regression/checkpoint.0.15008.pt
[2026-01-30 13:24:24,188][main][INFO] - samples 16000.0   training_loss 5847.33 training_loss_running_mean 4272.33 learning_rate 0.00020000 total_sec 2724.3  sec_per_tick 11.1    sec_per_sample 0.70    cpu_mem_gb 5.93   peak_gpu_mem_gb 9.73   peak_gpu_mem_reserved_gb 10.07 
[2026-01-30 13:27:11,239][main][INFO] - samples 17008.0   training_loss 4312.35 training_loss_running_mean 4001.99 learning_rate 0.00020000 total_sec 2891.3  sec_per_tick 11.2    sec_per_sample 0.70    cpu_mem_gb 5.93   peak_gpu_mem_gb 9.73   peak_gpu_mem_reserved_gb 10.07 
[2026-01-30 13:29:55,681][main][INFO] - samples 18000.0   training_loss 7445.43 training_loss_running_mean 4219.10 learning_rate 0.00020000 total_sec 3055.8  sec_per_tick 11.1    sec_per_sample 0.70    cpu_mem_gb 5.93   peak_gpu_mem_gb 9.73   peak_gpu_mem_reserved_gb 10.07 
[2026-01-30 13:32:42,633][main][INFO] - samples 19008.0   training_loss 5477.62 training_loss_running_mean 3932.61 learning_rate 0.00020000 total_sec 3222.7  sec_per_tick 11.2    sec_per_sample 0.70    cpu_mem_gb 5.93   peak_gpu_mem_gb 9.73   peak_gpu_mem_reserved_gb 10.07 
[2026-01-30 13:35:27,067][main][INFO] - samples 20000.0   training_loss 2893.97 training_loss_running_mean 4328.65 learning_rate 0.00020000 total_sec 3387.2  sec_per_tick 11.1    sec_per_sample 0.70    cpu_mem_gb 5.93   peak_gpu_mem_gb 9.73   peak_gpu_mem_reserved_gb 10.07 
[2026-01-30 13:35:28,114][checkpoint][INFO] - Saved model state dictionary: /beegfs/muduchuru/codes/physicsnemo/examples/weather/corrdiff/checkpoints_regression_era5mswx/checkpoints_regression/UNet.0.20000.mdlus
[2026-01-30 13:35:29,174][checkpoint][INFO] - Saved training checkpoint: /beegfs/muduchuru/codes/physicsnemo/examples/weather/corrdiff/checkpoints_regression_era5mswx/checkpoints_regression/checkpoint.0.20000.pt
[2026-01-30 13:38:15,934][main][INFO] - samples 21008.0   training_loss 3344.48 training_loss_running_mean 3827.34 learning_rate 0.00020000 total_sec 3556.0  sec_per_tick 11.1    sec_per_sample 0.69    cpu_mem_gb 5.90   peak_gpu_mem_gb 9.73   peak_gpu_mem_reserved_gb 10.07 
[2026-01-30 13:41:00,381][main][INFO] - samples 22000.0   training_loss 3809.18 training_loss_running_mean 3859.33 learning_rate 0.00020000 total_sec 3720.5  sec_per_tick 11.1    sec_per_sample 0.70    cpu_mem_gb 5.90   peak_gpu_mem_gb 9.73   peak_gpu_mem_reserved_gb 10.07 
[2026-01-30 13:43:47,417][main][INFO] - samples 23008.0   training_loss 3482.63 training_loss_running_mean 4188.41 learning_rate 0.00020000 total_sec 3887.5  sec_per_tick 11.1    sec_per_sample 0.70    cpu_mem_gb 5.90   peak_gpu_mem_gb 9.73   peak_gpu_mem_reserved_gb 10.07 
[2026-01-30 13:46:32,060][main][INFO] - samples 24000.0   training_loss 3311.23 training_loss_running_mean 4104.16 learning_rate 0.00020000 total_sec 4052.1  sec_per_tick 11.2    sec_per_sample 0.70    cpu_mem_gb 5.90   peak_gpu_mem_gb 9.73   peak_gpu_mem_reserved_gb 10.07 
[2026-01-30 13:49:19,072][main][INFO] - samples 25008.0   training_loss 2679.03 training_loss_running_mean 3922.35 learning_rate 0.00020000 total_sec 4219.2  sec_per_tick 11.1    sec_per_sample 0.70    cpu_mem_gb 5.90   peak_gpu_mem_gb 9.73   peak_gpu_mem_reserved_gb 10.07 
[2026-01-30 13:49:20,133][checkpoint][INFO] - Saved model state dictionary: /beegfs/muduchuru/codes/physicsnemo/examples/weather/corrdiff/checkpoints_regression_era5mswx/checkpoints_regression/UNet.0.25008.mdlus
[2026-01-30 13:49:21,093][checkpoint][INFO] - Saved training checkpoint: /beegfs/muduchuru/codes/physicsnemo/examples/weather/corrdiff/checkpoints_regression_era5mswx/checkpoints_regression/checkpoint.0.25008.pt
[2026-01-30 13:52:05,397][main][INFO] - samples 26000.0   training_loss 5937.03 training_loss_running_mean 4095.92 learning_rate 0.00020000 total_sec 4385.5  sec_per_tick 11.1    sec_per_sample 0.70    cpu_mem_gb 5.92   peak_gpu_mem_gb 9.73   peak_gpu_mem_reserved_gb 10.07 
[2026-01-30 13:54:52,270][main][INFO] - samples 27008.0   training_loss 4713.15 training_loss_running_mean 4168.48 learning_rate 0.00020000 total_sec 4552.4  sec_per_tick 11.1    sec_per_sample 0.70    cpu_mem_gb 5.92   peak_gpu_mem_gb 9.73   peak_gpu_mem_reserved_gb 10.07 
[2026-01-30 13:57:36,692][main][INFO] - samples 28000.0   training_loss 3556.00 training_loss_running_mean 4285.44 learning_rate 0.00020000 total_sec 4716.8  sec_per_tick 11.1    sec_per_sample 0.70    cpu_mem_gb 5.92   peak_gpu_mem_gb 9.73   peak_gpu_mem_reserved_gb 10.07 
[2026-01-30 14:00:23,554][main][INFO] - samples 29008.0   training_loss 1367.73 training_loss_running_mean 4055.49 learning_rate 0.00020000 total_sec 4883.6  sec_per_tick 11.2    sec_per_sample 0.70    cpu_mem_gb 5.92   peak_gpu_mem_gb 9.73   peak_gpu_mem_reserved_gb 10.07 
[2026-01-30 14:03:08,052][main][INFO] - samples 30000.0   training_loss 3316.73 training_loss_running_mean 4769.61 learning_rate 0.00020000 total_sec 5048.1  sec_per_tick 11.2    sec_per_sample 0.70    cpu_mem_gb 5.92   peak_gpu_mem_gb 9.73   peak_gpu_mem_reserved_gb 10.07 
[2026-01-30 14:03:09,168][checkpoint][INFO] - Saved model state dictionary: /beegfs/muduchuru/codes/physicsnemo/examples/weather/corrdiff/checkpoints_regression_era5mswx/checkpoints_regression/UNet.0.30000.mdlus
[2026-01-30 14:03:10,110][checkpoint][INFO] - Saved training checkpoint: /beegfs/muduchuru/codes/physicsnemo/examples/weather/corrdiff/checkpoints_regression_era5mswx/checkpoints_regression/checkpoint.0.30000.pt
[2026-01-30 14:05:56,958][main][INFO] - samples 31008.0   training_loss 8452.43 training_loss_running_mean 4733.45 learning_rate 0.00020000 total_sec 5217.0  sec_per_tick 11.1    sec_per_sample 0.70    cpu_mem_gb 5.90   peak_gpu_mem_gb 9.73   peak_gpu_mem_reserved_gb 10.07 
[2026-01-30 14:08:41,361][main][INFO] - samples 32000.0   training_loss 8022.09 training_loss_running_mean 5165.49 learning_rate 0.00020000 total_sec 5381.4  sec_per_tick 11.1    sec_per_sample 0.69    cpu_mem_gb 5.90   peak_gpu_mem_gb 9.73   peak_gpu_mem_reserved_gb 10.07 
[2026-01-30 14:11:28,338][main][INFO] - samples 33008.0   training_loss 5111.21 training_loss_running_mean 4122.66 learning_rate 0.00020000 total_sec 5548.4  sec_per_tick 11.1    sec_per_sample 0.70    cpu_mem_gb 5.90   peak_gpu_mem_gb 9.73   peak_gpu_mem_reserved_gb 10.07 
[2026-01-30 14:14:12,795][main][INFO] - samples 34000.0   training_loss 6388.76 training_loss_running_mean 4757.41 learning_rate 0.00020000 total_sec 5712.9  sec_per_tick 11.1    sec_per_sample 0.70    cpu_mem_gb 5.90   peak_gpu_mem_gb 9.73   peak_gpu_mem_reserved_gb 10.07 
[2026-01-30 14:16:59,733][main][INFO] - samples 35008.0   training_loss 7671.03 training_loss_running_mean 4552.02 learning_rate 0.00020000 total_sec 5879.8  sec_per_tick 11.1    sec_per_sample 0.70    cpu_mem_gb 5.90   peak_gpu_mem_gb 9.73   peak_gpu_mem_reserved_gb 10.07 
[2026-01-30 14:17:00,869][checkpoint][INFO] - Saved model state dictionary: /beegfs/muduchuru/codes/physicsnemo/examples/weather/corrdiff/checkpoints_regression_era5mswx/checkpoints_regression/UNet.0.35008.mdlus
[2026-01-30 14:17:01,855][checkpoint][INFO] - Saved training checkpoint: /beegfs/muduchuru/codes/physicsnemo/examples/weather/corrdiff/checkpoints_regression_era5mswx/checkpoints_regression/checkpoint.0.35008.pt
[2026-01-30 14:19:46,254][main][INFO] - samples 36000.0   training_loss 3370.55 training_loss_running_mean 4564.34 learning_rate 0.00020000 total_sec 6046.3  sec_per_tick 11.1    sec_per_sample 0.70    cpu_mem_gb 5.93   peak_gpu_mem_gb 9.73   peak_gpu_mem_reserved_gb 10.07 
[2026-01-30 14:22:33,258][main][INFO] - samples 37008.0   training_loss 5782.28 training_loss_running_mean 3993.17 learning_rate 0.00020000 total_sec 6213.3  sec_per_tick 11.1    sec_per_sample 0.70    cpu_mem_gb 5.93   peak_gpu_mem_gb 9.73   peak_gpu_mem_reserved_gb 10.07 
[2026-01-30 14:25:17,742][main][INFO] - samples 38000.0   training_loss 1764.31 training_loss_running_mean 4178.45 learning_rate 0.00020000 total_sec 6377.8  sec_per_tick 11.1    sec_per_sample 0.69    cpu_mem_gb 5.93   peak_gpu_mem_gb 9.73   peak_gpu_mem_reserved_gb 10.07 
[2026-01-30 14:28:04,717][main][INFO] - samples 39008.0   training_loss 3419.14 training_loss_running_mean 4067.74 learning_rate 0.00020000 total_sec 6544.8  sec_per_tick 11.1    sec_per_sample 0.69    cpu_mem_gb 5.93   peak_gpu_mem_gb 9.73   peak_gpu_mem_reserved_gb 10.07 
[2026-01-30 14:30:49,297][main][INFO] - samples 40000.0   training_loss 4565.19 training_loss_running_mean 4082.59 learning_rate 0.00020000 total_sec 6709.4  sec_per_tick 11.1    sec_per_sample 0.70    cpu_mem_gb 5.93   peak_gpu_mem_gb 9.73   peak_gpu_mem_reserved_gb 10.07 
[2026-01-30 14:30:50,398][checkpoint][INFO] - Saved model state dictionary: /beegfs/muduchuru/codes/physicsnemo/examples/weather/corrdiff/checkpoints_regression_era5mswx/checkpoints_regression/UNet.0.40000.mdlus
[2026-01-30 14:30:51,354][checkpoint][INFO] - Saved training checkpoint: /beegfs/muduchuru/codes/physicsnemo/examples/weather/corrdiff/checkpoints_regression_era5mswx/checkpoints_regression/checkpoint.0.40000.pt
[2026-01-30 14:33:38,257][main][INFO] - samples 41008.0   training_loss 6379.31 training_loss_running_mean 4094.79 learning_rate 0.00020000 total_sec 6878.3  sec_per_tick 11.1    sec_per_sample 0.70    cpu_mem_gb 5.93   peak_gpu_mem_gb 9.73   peak_gpu_mem_reserved_gb 10.07 
[2026-01-30 14:36:22,697][main][INFO] - samples 42000.0   training_loss 4000.96 training_loss_running_mean 3956.69 learning_rate 0.00020000 total_sec 7042.8  sec_per_tick 11.2    sec_per_sample 0.70    cpu_mem_gb 5.90   peak_gpu_mem_gb 9.73   peak_gpu_mem_reserved_gb 10.07 
[2026-01-30 14:39:09,739][main][INFO] - samples 43008.0   training_loss 4284.18 training_loss_running_mean 4219.89 learning_rate 0.00020000 total_sec 7209.8  sec_per_tick 11.2    sec_per_sample 0.70    cpu_mem_gb 5.90   peak_gpu_mem_gb 9.73   peak_gpu_mem_reserved_gb 10.07 
