W0130 14:05:14.697000 2640760 site-packages/torch/distributed/run.py:803] 
W0130 14:05:14.697000 2640760 site-packages/torch/distributed/run.py:803] *****************************************
W0130 14:05:14.697000 2640760 site-packages/torch/distributed/run.py:803] Setting OMP_NUM_THREADS environment variable for each process to be 1 in default, to avoid your system being overloaded, please further tune the variable for optimal performance in your application as needed. 
W0130 14:05:14.697000 2640760 site-packages/torch/distributed/run.py:803] *****************************************
/beegfs/muduchuru/codes/physicsnemo/examples/weather/corrdiff/train.py:44: ExperimentalFeatureWarning: You are importing from 'physicsnemo.experimental'. The APIs in this namespace are experimental, under active development, and may change without notice. Expect possible back-compatibility breaking changes and only partial test coverage.
  from physicsnemo.experimental.metrics.diffusion import tEDMResidualLoss
/beegfs/muduchuru/codes/physicsnemo/examples/weather/corrdiff/train.py:44: ExperimentalFeatureWarning: You are importing from 'physicsnemo.experimental'. The APIs in this namespace are experimental, under active development, and may change without notice. Expect possible back-compatibility breaking changes and only partial test coverage.
  from physicsnemo.experimental.metrics.diffusion import tEDMResidualLoss
/home/muduchuru/miniforge3/envs/diffusion/lib/python3.10/site-packages/hydra/_internal/defaults_list.py:251: UserWarning: In 'config_training_mswxdwd_regression.yaml': Defaults list is missing `_self_`. See https://hydra.cc/docs/1.2/upgrades/1.0_to_1.1/default_composition_order for more information
  warnings.warn(msg, UserWarning)
/home/muduchuru/miniforge3/envs/diffusion/lib/python3.10/site-packages/hydra/_internal/defaults_list.py:251: UserWarning: In 'config_training_mswxdwd_regression.yaml': Defaults list is missing `_self_`. See https://hydra.cc/docs/1.2/upgrades/1.0_to_1.1/default_composition_order for more information
  warnings.warn(msg, UserWarning)
wandb: Tracking run with wandb version 0.19.10
wandb: W&B syncing is set to `offline` in this directory. Run `wandb online` or set WANDB_MODE=online to enable cloud syncing.
wandb: Tracking run with wandb version 0.19.10
wandb: W&B syncing is set to `offline` in this directory. Run `wandb online` or set WANDB_MODE=online to enable cloud syncing.
/home/muduchuru/miniforge3/envs/diffusion/lib/python3.10/site-packages/torch/backends/__init__.py:46: UserWarning: Please use the new API settings to control TF32 behavior, such as torch.backends.cudnn.conv.fp32_precision = 'tf32' or torch.backends.cuda.matmul.fp32_precision = 'ieee'. Old settings, e.g, torch.backends.cuda.matmul.allow_tf32 = True, torch.backends.cudnn.allow_tf32 = True, allowTF32CuDNN() and allowTF32CuBLAS() will be deprecated after Pytorch 2.9. Please see https://pytorch.org/docs/main/notes/cuda.html#tensorfloat-32-tf32-on-ampere-and-later-devices (Triggered internally at /pytorch/aten/src/ATen/Context.cpp:80.)
  self.setter(val)
/home/muduchuru/miniforge3/envs/diffusion/lib/python3.10/site-packages/torch/backends/__init__.py:46: UserWarning: Please use the new API settings to control TF32 behavior, such as torch.backends.cudnn.conv.fp32_precision = 'tf32' or torch.backends.cuda.matmul.fp32_precision = 'ieee'. Old settings, e.g, torch.backends.cuda.matmul.allow_tf32 = True, torch.backends.cudnn.allow_tf32 = True, allowTF32CuDNN() and allowTF32CuBLAS() will be deprecated after Pytorch 2.9. Please see https://pytorch.org/docs/main/notes/cuda.html#tensorfloat-32-tf32-on-ampere-and-later-devices (Triggered internally at /pytorch/aten/src/ATen/Context.cpp:80.)
  self.setter(val)
/home/muduchuru/miniforge3/envs/diffusion/lib/python3.10/site-packages/xesmf/smm.py:131: UserWarning: Input array is not C_CONTIGUOUS. Will affect performance.
  warnings.warn('Input array is not C_CONTIGUOUS. ' 'Will affect performance.')
/home/muduchuru/miniforge3/envs/diffusion/lib/python3.10/site-packages/xesmf/smm.py:131: UserWarning: Input array is not C_CONTIGUOUS. Will affect performance.
  warnings.warn('Input array is not C_CONTIGUOUS. ' 'Will affect performance.')
/home/muduchuru/miniforge3/envs/diffusion/lib/python3.10/site-packages/xesmf/smm.py:131: UserWarning: Input array is not C_CONTIGUOUS. Will affect performance.
  warnings.warn('Input array is not C_CONTIGUOUS. ' 'Will affect performance.')
/home/muduchuru/miniforge3/envs/diffusion/lib/python3.10/site-packages/xesmf/smm.py:131: UserWarning: Input array is not C_CONTIGUOUS. Will affect performance.
  warnings.warn('Input array is not C_CONTIGUOUS. ' 'Will affect performance.')
/home/muduchuru/miniforge3/envs/diffusion/lib/python3.10/site-packages/torch/nn/parallel/distributed.py:2372: UserWarning: You passed find_unused_parameters=true to DistributedDataParallel, `_set_static_graph` will detect unused parameters automatically, so you do not need to set find_unused_parameters=true, just be sure these unused parameters will not change during training loop while calling `_set_static_graph`.
  warnings.warn(
/home/muduchuru/miniforge3/envs/diffusion/lib/python3.10/site-packages/torch/nn/parallel/distributed.py:2372: UserWarning: You passed find_unused_parameters=true to DistributedDataParallel, `_set_static_graph` will detect unused parameters automatically, so you do not need to set find_unused_parameters=true, just be sure these unused parameters will not change during training loop while calling `_set_static_graph`.
  warnings.warn(
/beegfs/muduchuru/codes/physicsnemo/examples/weather/corrdiff/train.py:612: UserWarning: Converting a tensor with requires_grad=True to a scalar may lead to unexpected behavior.
Consider using tensor.detach() first. (Triggered internally at /pytorch/torch/csrc/autograd/generated/python_variable_methods.cpp:836.)
  loss_sum = torch.tensor([loss_accum], device=dist.device)
/beegfs/muduchuru/codes/physicsnemo/examples/weather/corrdiff/train.py:612: UserWarning: Converting a tensor with requires_grad=True to a scalar may lead to unexpected behavior.
Consider using tensor.detach() first. (Triggered internally at /pytorch/torch/csrc/autograd/generated/python_variable_methods.cpp:836.)
  loss_sum = torch.tensor([loss_accum], device=dist.device)
