Running on node: gpu003
Mon Jan 19 11:01:01 2026       
+-----------------------------------------------------------------------------------------+
| NVIDIA-SMI 570.124.06             Driver Version: 570.124.06     CUDA Version: 12.8     |
|-----------------------------------------+------------------------+----------------------+
| GPU  Name                 Persistence-M | Bus-Id          Disp.A | Volatile Uncorr. ECC |
| Fan  Temp   Perf          Pwr:Usage/Cap |           Memory-Usage | GPU-Util  Compute M. |
|                                         |                        |               MIG M. |
|=========================================+========================+======================|
|   0  Tesla V100-SXM2-16GB           Off |   00000000:62:00.0 Off |                    0 |
| N/A   36C    P0             40W /  300W |       1MiB /  16384MiB |      0%      Default |
|                                         |                        |                  N/A |
+-----------------------------------------+------------------------+----------------------+
|   1  Tesla V100-SXM2-16GB           Off |   00000000:89:00.0 Off |                    0 |
| N/A   36C    P0             40W /  300W |       1MiB /  16384MiB |      0%      Default |
|                                         |                        |                  N/A |
+-----------------------------------------+------------------------+----------------------+
                                                                                         
+-----------------------------------------------------------------------------------------+
| Processes:                                                                              |
|  GPU   GI   CI              PID   Type   Process name                        GPU Memory |
|        ID   ID                                                               Usage      |
|=========================================================================================|
|  No running processes found                                                             |
+-----------------------------------------------------------------------------------------+
[2026-01-19 11:03:03,168][main][INFO] - Using dataset: mswxdwd
[2026-01-19 11:03:03,169][main][INFO] - Saving the outputs in /beegfs/muduchuru/codes/physicsnemo/examples/weather/corrdiff
[2026-01-19 11:03:03,169][main][INFO] - Saving the outputs in /beegfs/muduchuru/codes/physicsnemo/examples/weather/corrdiff
[2026-01-19 11:03:05,621][checkpoint][INFO] - Loaded checkpoint file /beegfs/muduchuru/codes/physicsnemo/examples/weather/corrdiff/checkpoints_regression/checkpoint.0.30000.pt to device cpu
[2026-01-19 11:03:05,622][checkpoint][INFO] - Loaded checkpoint file /beegfs/muduchuru/codes/physicsnemo/examples/weather/corrdiff/checkpoints_regression/checkpoint.0.30000.pt to device cpu
[2026-01-19 11:03:42,618][main][INFO] - Patch-based training disabled
[2026-01-19 11:03:46,168][checkpoint][INFO] - Loaded model state dictionary /beegfs/muduchuru/codes/physicsnemo/examples/weather/corrdiff/checkpoints_regression/UNet.0.30000.mdlus to device cpu
[2026-01-19 11:03:46,183][checkpoint][INFO] - Loaded model state dictionary /beegfs/muduchuru/codes/physicsnemo/examples/weather/corrdiff/checkpoints_regression/UNet.0.30000.mdlus to device cpu
[2026-01-19 11:03:47,064][checkpoint][INFO] - Loaded checkpoint file /beegfs/muduchuru/codes/physicsnemo/examples/weather/corrdiff/checkpoints_regression/checkpoint.0.30000.pt to device cpu
[2026-01-19 11:03:47,077][main][INFO] - Using 1 gradient accumulation rounds
[2026-01-19 11:03:47,078][main][INFO] - Training a non-patched model: patch gradient accumulation automatically disabled.
[2026-01-19 11:03:47,180][checkpoint][INFO] - Loaded checkpoint file /beegfs/muduchuru/codes/physicsnemo/examples/weather/corrdiff/checkpoints_regression/checkpoint.0.30000.pt to device cpu
[2026-01-19 11:03:48,763][checkpoint][INFO] - Loaded checkpoint file /beegfs/muduchuru/codes/physicsnemo/examples/weather/corrdiff/checkpoints_regression/checkpoint.0.30000.pt to device cuda:1
[2026-01-19 11:03:48,775][checkpoint][INFO] - Loaded optimizer state dictionary
[2026-01-19 11:03:48,795][checkpoint][INFO] - Loaded checkpoint file /beegfs/muduchuru/codes/physicsnemo/examples/weather/corrdiff/checkpoints_regression/checkpoint.0.30000.pt to device cuda:0
[2026-01-19 11:03:48,808][checkpoint][INFO] - Loaded optimizer state dictionary
[2026-01-19 11:03:48,809][main][INFO] - Training for 1000000 images...
[2026-01-19 11:06:11,388][main][INFO] - Starting Profiler at 30384
[2026-01-19 11:06:27,899][main][INFO] - Stopping Profiler at 30400
[2026-01-19 11:10:41,041][main][INFO] - samples 31008.0   training_loss 766.44  training_loss_running_mean 2115.05 learning_rate 0.00020000 total_sec 414.0   sec_per_tick 31.1    sec_per_sample 1.94    cpu_mem_gb 2.48   peak_gpu_mem_gb 9.97   peak_gpu_mem_reserved_gb 10.20 
[2026-01-19 11:17:12,762][main][INFO] - samples 32000.0   training_loss 710.11  training_loss_running_mean 1871.56 learning_rate 0.00020000 total_sec 805.7   sec_per_tick 39.8    sec_per_sample 2.49    cpu_mem_gb 2.48   peak_gpu_mem_gb 9.68   peak_gpu_mem_reserved_gb 10.20 
[2026-01-19 11:23:51,190][main][INFO] - samples 33008.0   training_loss 461.38  training_loss_running_mean 2021.81 learning_rate 0.00020000 total_sec 1204.1  sec_per_tick 32.4    sec_per_sample 2.03    cpu_mem_gb 2.48   peak_gpu_mem_gb 9.68   peak_gpu_mem_reserved_gb 10.20 
[2026-01-19 11:30:32,747][main][INFO] - samples 34000.0   training_loss 1547.11 training_loss_running_mean 2287.31 learning_rate 0.00020000 total_sec 1605.7  sec_per_tick 32.0    sec_per_sample 2.00    cpu_mem_gb 2.48   peak_gpu_mem_gb 9.68   peak_gpu_mem_reserved_gb 10.20 
[2026-01-19 11:37:11,434][main][INFO] - samples 35008.0   training_loss 5450.61 training_loss_running_mean 2511.74 learning_rate 0.00020000 total_sec 2004.4  sec_per_tick 34.3    sec_per_sample 2.15    cpu_mem_gb 2.48   peak_gpu_mem_gb 9.68   peak_gpu_mem_reserved_gb 10.20 
[2026-01-19 11:37:12,497][checkpoint][INFO] - Saved model state dictionary: /beegfs/muduchuru/codes/physicsnemo/examples/weather/corrdiff/checkpoints_regression/UNet.0.35008.mdlus
[2026-01-19 11:37:13,515][checkpoint][INFO] - Saved training checkpoint: /beegfs/muduchuru/codes/physicsnemo/examples/weather/corrdiff/checkpoints_regression/checkpoint.0.35008.pt
[2026-01-19 11:43:08,063][main][INFO] - samples 36000.0   training_loss 2895.42 training_loss_running_mean 2374.16 learning_rate 0.00020000 total_sec 2361.0  sec_per_tick 29.9    sec_per_sample 1.87    cpu_mem_gb 2.48   peak_gpu_mem_gb 9.68   peak_gpu_mem_reserved_gb 10.20 
[2026-01-19 11:49:43,260][main][INFO] - samples 37008.0   training_loss 675.25  training_loss_running_mean 2440.69 learning_rate 0.00020000 total_sec 2756.2  sec_per_tick 30.6    sec_per_sample 1.91    cpu_mem_gb 2.48   peak_gpu_mem_gb 9.68   peak_gpu_mem_reserved_gb 10.20 
[2026-01-19 11:56:04,390][main][INFO] - samples 38000.0   training_loss 743.63  training_loss_running_mean 2357.71 learning_rate 0.00020000 total_sec 3137.3  sec_per_tick 34.9    sec_per_sample 2.18    cpu_mem_gb 2.48   peak_gpu_mem_gb 9.68   peak_gpu_mem_reserved_gb 10.20 
[2026-01-19 12:02:33,189][main][INFO] - samples 39008.0   training_loss 222.31  training_loss_running_mean 2395.59 learning_rate 0.00020000 total_sec 3526.1  sec_per_tick 30.9    sec_per_sample 1.93    cpu_mem_gb 2.48   peak_gpu_mem_gb 9.68   peak_gpu_mem_reserved_gb 10.20 
[2026-01-19 12:09:06,131][main][INFO] - samples 40000.0   training_loss 4373.08 training_loss_running_mean 2053.19 learning_rate 0.00020000 total_sec 3919.0  sec_per_tick 40.8    sec_per_sample 2.55    cpu_mem_gb 2.32   peak_gpu_mem_gb 9.68   peak_gpu_mem_reserved_gb 10.20 
[2026-01-19 12:09:07,185][checkpoint][INFO] - Saved model state dictionary: /beegfs/muduchuru/codes/physicsnemo/examples/weather/corrdiff/checkpoints_regression/UNet.0.40000.mdlus
[2026-01-19 12:09:08,172][checkpoint][INFO] - Saved training checkpoint: /beegfs/muduchuru/codes/physicsnemo/examples/weather/corrdiff/checkpoints_regression/checkpoint.0.40000.pt
[2026-01-19 12:15:27,613][main][INFO] - samples 41008.0   training_loss 1820.35 training_loss_running_mean 2443.20 learning_rate 0.00020000 total_sec 4300.5  sec_per_tick 40.5    sec_per_sample 2.53    cpu_mem_gb 2.35   peak_gpu_mem_gb 9.68   peak_gpu_mem_reserved_gb 10.20 
[2026-01-19 12:21:45,349][main][INFO] - samples 42000.0   training_loss 2377.79 training_loss_running_mean 2806.92 learning_rate 0.00020000 total_sec 4678.3  sec_per_tick 32.5    sec_per_sample 2.03    cpu_mem_gb 2.35   peak_gpu_mem_gb 9.68   peak_gpu_mem_reserved_gb 10.20 
[2026-01-19 12:28:03,176][main][INFO] - samples 43008.0   training_loss 2835.48 training_loss_running_mean 2205.72 learning_rate 0.00020000 total_sec 5056.1  sec_per_tick 35.5    sec_per_sample 2.22    cpu_mem_gb 2.35   peak_gpu_mem_gb 9.68   peak_gpu_mem_reserved_gb 10.20 
[2026-01-19 12:34:11,187][main][INFO] - samples 44000.0   training_loss 1527.76 training_loss_running_mean 2352.92 learning_rate 0.00020000 total_sec 5424.1  sec_per_tick 34.0    sec_per_sample 2.12    cpu_mem_gb 2.35   peak_gpu_mem_gb 9.68   peak_gpu_mem_reserved_gb 10.20 
[2026-01-19 12:40:16,775][main][INFO] - samples 45008.0   training_loss 370.30  training_loss_running_mean 2370.83 learning_rate 0.00020000 total_sec 5789.7  sec_per_tick 30.3    sec_per_sample 1.90    cpu_mem_gb 2.35   peak_gpu_mem_gb 9.68   peak_gpu_mem_reserved_gb 10.20 
[2026-01-19 12:40:17,893][checkpoint][INFO] - Saved model state dictionary: /beegfs/muduchuru/codes/physicsnemo/examples/weather/corrdiff/checkpoints_regression/UNet.0.45008.mdlus
[2026-01-19 12:40:18,915][checkpoint][INFO] - Saved training checkpoint: /beegfs/muduchuru/codes/physicsnemo/examples/weather/corrdiff/checkpoints_regression/checkpoint.0.45008.pt
[2026-01-19 12:46:22,652][main][INFO] - samples 46000.0   training_loss 783.23  training_loss_running_mean 2138.65 learning_rate 0.00020000 total_sec 6155.6  sec_per_tick 34.1    sec_per_sample 2.13    cpu_mem_gb 2.35   peak_gpu_mem_gb 9.68   peak_gpu_mem_reserved_gb 10.20 
[2026-01-19 12:52:30,399][main][INFO] - samples 47008.0   training_loss 2277.55 training_loss_running_mean 1931.03 learning_rate 0.00020000 total_sec 6523.3  sec_per_tick 34.4    sec_per_sample 2.15    cpu_mem_gb 2.35   peak_gpu_mem_gb 9.68   peak_gpu_mem_reserved_gb 10.20 
[2026-01-19 12:58:31,135][main][INFO] - samples 48000.0   training_loss 1465.36 training_loss_running_mean 2348.81 learning_rate 0.00020000 total_sec 6884.1  sec_per_tick 36.7    sec_per_sample 2.29    cpu_mem_gb 2.35   peak_gpu_mem_gb 9.68   peak_gpu_mem_reserved_gb 10.20 
[2026-01-19 13:04:40,638][main][INFO] - samples 49008.0   training_loss 228.48  training_loss_running_mean 1973.09 learning_rate 0.00020000 total_sec 7253.6  sec_per_tick 42.3    sec_per_sample 2.64    cpu_mem_gb 2.35   peak_gpu_mem_gb 9.68   peak_gpu_mem_reserved_gb 10.20 
[2026-01-19 13:11:47,511][main][INFO] - samples 50000.0   training_loss 8161.19 training_loss_running_mean 2437.52 learning_rate 0.00020000 total_sec 7680.4  sec_per_tick 32.8    sec_per_sample 2.05    cpu_mem_gb 2.35   peak_gpu_mem_gb 9.68   peak_gpu_mem_reserved_gb 10.20 
[2026-01-19 13:11:52,232][checkpoint][INFO] - Saved model state dictionary: /beegfs/muduchuru/codes/physicsnemo/examples/weather/corrdiff/checkpoints_regression/UNet.0.50000.mdlus
[2026-01-19 13:11:53,408][checkpoint][INFO] - Saved training checkpoint: /beegfs/muduchuru/codes/physicsnemo/examples/weather/corrdiff/checkpoints_regression/checkpoint.0.50000.pt
[2026-01-19 13:18:53,762][main][INFO] - samples 51008.0   training_loss 4922.46 training_loss_running_mean 1792.49 learning_rate 0.00020000 total_sec 8106.7  sec_per_tick 35.2    sec_per_sample 2.20    cpu_mem_gb 2.32   peak_gpu_mem_gb 9.68   peak_gpu_mem_reserved_gb 10.20 
[2026-01-19 13:24:45,449][main][INFO] - samples 52000.0   training_loss 570.67  training_loss_running_mean 2758.02 learning_rate 0.00020000 total_sec 8458.4  sec_per_tick 29.7    sec_per_sample 1.86    cpu_mem_gb 2.32   peak_gpu_mem_gb 9.68   peak_gpu_mem_reserved_gb 10.20 
[2026-01-19 13:30:47,557][main][INFO] - samples 53008.0   training_loss 5454.24 training_loss_running_mean 2014.49 learning_rate 0.00020000 total_sec 8820.5  sec_per_tick 30.1    sec_per_sample 1.88    cpu_mem_gb 2.32   peak_gpu_mem_gb 9.68   peak_gpu_mem_reserved_gb 10.20 
[2026-01-19 13:36:43,078][main][INFO] - samples 54000.0   training_loss 991.09  training_loss_running_mean 2303.33 learning_rate 0.00020000 total_sec 9176.0  sec_per_tick 34.8    sec_per_sample 2.17    cpu_mem_gb 2.32   peak_gpu_mem_gb 9.68   peak_gpu_mem_reserved_gb 10.20 
[2026-01-19 13:42:42,335][main][INFO] - samples 55008.0   training_loss 680.16  training_loss_running_mean 2067.47 learning_rate 0.00020000 total_sec 9535.3  sec_per_tick 29.2    sec_per_sample 1.82    cpu_mem_gb 2.32   peak_gpu_mem_gb 9.68   peak_gpu_mem_reserved_gb 10.20 
[2026-01-19 13:42:43,534][checkpoint][INFO] - Saved model state dictionary: /beegfs/muduchuru/codes/physicsnemo/examples/weather/corrdiff/checkpoints_regression/UNet.0.55008.mdlus
[2026-01-19 13:42:44,723][checkpoint][INFO] - Saved training checkpoint: /beegfs/muduchuru/codes/physicsnemo/examples/weather/corrdiff/checkpoints_regression/checkpoint.0.55008.pt
[2026-01-19 13:48:44,004][main][INFO] - samples 56000.0   training_loss 4050.49 training_loss_running_mean 2347.36 learning_rate 0.00020000 total_sec 9896.9  sec_per_tick 38.0    sec_per_sample 2.38    cpu_mem_gb 2.36   peak_gpu_mem_gb 9.68   peak_gpu_mem_reserved_gb 10.20 
[2026-01-19 13:55:38,525][main][INFO] - samples 57008.0   training_loss 854.70  training_loss_running_mean 2671.04 learning_rate 0.00020000 total_sec 10311.4 sec_per_tick 33.9    sec_per_sample 2.12    cpu_mem_gb 2.36   peak_gpu_mem_gb 9.68   peak_gpu_mem_reserved_gb 10.20 
[2026-01-19 14:02:56,150][main][INFO] - samples 58000.0   training_loss 3882.18 training_loss_running_mean 2528.93 learning_rate 0.00020000 total_sec 10749.1 sec_per_tick 34.6    sec_per_sample 2.16    cpu_mem_gb 2.36   peak_gpu_mem_gb 9.68   peak_gpu_mem_reserved_gb 10.20 
[2026-01-19 14:10:23,220][main][INFO] - samples 59008.0   training_loss 1475.77 training_loss_running_mean 2310.12 learning_rate 0.00020000 total_sec 11196.1 sec_per_tick 46.4    sec_per_sample 2.90    cpu_mem_gb 2.36   peak_gpu_mem_gb 9.68   peak_gpu_mem_reserved_gb 10.20 
[2026-01-19 14:17:36,655][main][INFO] - samples 60000.0   training_loss 3986.95 training_loss_running_mean 1937.08 learning_rate 0.00020000 total_sec 11629.6 sec_per_tick 36.6    sec_per_sample 2.29    cpu_mem_gb 2.36   peak_gpu_mem_gb 9.68   peak_gpu_mem_reserved_gb 10.20 
[2026-01-19 14:17:39,876][checkpoint][INFO] - Saved model state dictionary: /beegfs/muduchuru/codes/physicsnemo/examples/weather/corrdiff/checkpoints_regression/UNet.0.60000.mdlus
[2026-01-19 14:17:41,046][checkpoint][INFO] - Saved training checkpoint: /beegfs/muduchuru/codes/physicsnemo/examples/weather/corrdiff/checkpoints_regression/checkpoint.0.60000.pt
[2026-01-19 14:24:04,873][main][INFO] - samples 61008.0   training_loss 2266.10 training_loss_running_mean 2064.23 learning_rate 0.00020000 total_sec 12017.8 sec_per_tick 29.1    sec_per_sample 1.82    cpu_mem_gb 2.32   peak_gpu_mem_gb 9.68   peak_gpu_mem_reserved_gb 10.20 
[2026-01-19 14:30:10,446][main][INFO] - samples 62000.0   training_loss 1602.18 training_loss_running_mean 1813.39 learning_rate 0.00020000 total_sec 12383.4 sec_per_tick 39.2    sec_per_sample 2.45    cpu_mem_gb 2.32   peak_gpu_mem_gb 9.68   peak_gpu_mem_reserved_gb 10.20 
[2026-01-19 14:36:09,449][main][INFO] - samples 63008.0   training_loss 1732.45 training_loss_running_mean 2803.47 learning_rate 0.00020000 total_sec 12742.4 sec_per_tick 29.5    sec_per_sample 1.84    cpu_mem_gb 2.32   peak_gpu_mem_gb 9.68   peak_gpu_mem_reserved_gb 10.20 
[2026-01-19 14:42:21,930][main][INFO] - samples 64000.0   training_loss 229.54  training_loss_running_mean 2442.82 learning_rate 0.00020000 total_sec 13114.8 sec_per_tick 37.3    sec_per_sample 2.33    cpu_mem_gb 2.32   peak_gpu_mem_gb 9.68   peak_gpu_mem_reserved_gb 10.20 
[2026-01-19 14:48:24,673][main][INFO] - samples 65008.0   training_loss 1010.67 training_loss_running_mean 2531.05 learning_rate 0.00020000 total_sec 13477.6 sec_per_tick 30.7    sec_per_sample 1.92    cpu_mem_gb 2.32   peak_gpu_mem_gb 9.68   peak_gpu_mem_reserved_gb 10.20 
[2026-01-19 14:48:25,803][checkpoint][INFO] - Saved model state dictionary: /beegfs/muduchuru/codes/physicsnemo/examples/weather/corrdiff/checkpoints_regression/UNet.0.65008.mdlus
[2026-01-19 14:48:26,896][checkpoint][INFO] - Saved training checkpoint: /beegfs/muduchuru/codes/physicsnemo/examples/weather/corrdiff/checkpoints_regression/checkpoint.0.65008.pt
[2026-01-19 14:54:40,978][main][INFO] - samples 66000.0   training_loss 141.64  training_loss_running_mean 2242.39 learning_rate 0.00020000 total_sec 13853.9 sec_per_tick 29.5    sec_per_sample 1.84    cpu_mem_gb 2.35   peak_gpu_mem_gb 9.68   peak_gpu_mem_reserved_gb 10.20 
[2026-01-19 15:00:51,165][main][INFO] - samples 67008.0   training_loss 474.85  training_loss_running_mean 2473.33 learning_rate 0.00020000 total_sec 14224.1 sec_per_tick 35.2    sec_per_sample 2.20    cpu_mem_gb 2.35   peak_gpu_mem_gb 9.68   peak_gpu_mem_reserved_gb 10.20 
[2026-01-19 15:06:51,484][main][INFO] - samples 68000.0   training_loss 2114.73 training_loss_running_mean 2056.00 learning_rate 0.00020000 total_sec 14584.4 sec_per_tick 30.4    sec_per_sample 1.90    cpu_mem_gb 2.36   peak_gpu_mem_gb 9.68   peak_gpu_mem_reserved_gb 10.20 
[2026-01-19 15:13:07,097][main][INFO] - samples 69008.0   training_loss 734.10  training_loss_running_mean 2155.41 learning_rate 0.00020000 total_sec 14960.0 sec_per_tick 29.3    sec_per_sample 1.83    cpu_mem_gb 2.44   peak_gpu_mem_gb 9.68   peak_gpu_mem_reserved_gb 10.20 
[2026-01-19 15:19:07,311][main][INFO] - samples 70000.0   training_loss 520.08  training_loss_running_mean 2716.86 learning_rate 0.00020000 total_sec 15320.2 sec_per_tick 32.1    sec_per_sample 2.01    cpu_mem_gb 2.44   peak_gpu_mem_gb 9.68   peak_gpu_mem_reserved_gb 10.20 
[2026-01-19 15:19:08,393][checkpoint][INFO] - Saved model state dictionary: /beegfs/muduchuru/codes/physicsnemo/examples/weather/corrdiff/checkpoints_regression/UNet.0.70000.mdlus
[2026-01-19 15:19:09,494][checkpoint][INFO] - Saved training checkpoint: /beegfs/muduchuru/codes/physicsnemo/examples/weather/corrdiff/checkpoints_regression/checkpoint.0.70000.pt
[2026-01-19 15:25:27,059][main][INFO] - samples 71008.0   training_loss 1118.78 training_loss_running_mean 1997.46 learning_rate 0.00020000 total_sec 15700.0 sec_per_tick 32.7    sec_per_sample 2.04    cpu_mem_gb 2.45   peak_gpu_mem_gb 9.68   peak_gpu_mem_reserved_gb 10.20 
[2026-01-19 15:31:45,883][main][INFO] - samples 72000.0   training_loss 1224.74 training_loss_running_mean 2288.65 learning_rate 0.00020000 total_sec 16078.8 sec_per_tick 34.6    sec_per_sample 2.16    cpu_mem_gb 2.32   peak_gpu_mem_gb 9.68   peak_gpu_mem_reserved_gb 10.20 
[2026-01-19 15:38:01,949][main][INFO] - samples 73008.0   training_loss 1046.12 training_loss_running_mean 2548.54 learning_rate 0.00020000 total_sec 16454.9 sec_per_tick 35.0    sec_per_sample 2.18    cpu_mem_gb 2.32   peak_gpu_mem_gb 9.68   peak_gpu_mem_reserved_gb 10.20 
[2026-01-19 15:44:21,619][main][INFO] - samples 74000.0   training_loss 10004.59 training_loss_running_mean 2116.81 learning_rate 0.00020000 total_sec 16834.5 sec_per_tick 31.7    sec_per_sample 1.98    cpu_mem_gb 2.32   peak_gpu_mem_gb 9.68   peak_gpu_mem_reserved_gb 10.20 
[2026-01-19 15:50:54,631][main][INFO] - samples 75008.0   training_loss 746.80  training_loss_running_mean 2149.72 learning_rate 0.00020000 total_sec 17227.5 sec_per_tick 40.3    sec_per_sample 2.52    cpu_mem_gb 2.32   peak_gpu_mem_gb 9.68   peak_gpu_mem_reserved_gb 10.20 
[2026-01-19 15:50:55,702][checkpoint][INFO] - Saved model state dictionary: /beegfs/muduchuru/codes/physicsnemo/examples/weather/corrdiff/checkpoints_regression/UNet.0.75008.mdlus
[2026-01-19 15:50:56,762][checkpoint][INFO] - Saved training checkpoint: /beegfs/muduchuru/codes/physicsnemo/examples/weather/corrdiff/checkpoints_regression/checkpoint.0.75008.pt
[2026-01-19 15:57:53,962][main][INFO] - samples 76000.0   training_loss 203.05  training_loss_running_mean 1907.84 learning_rate 0.00020000 total_sec 17646.9 sec_per_tick 33.4    sec_per_sample 2.09    cpu_mem_gb 2.37   peak_gpu_mem_gb 9.68   peak_gpu_mem_reserved_gb 10.20 
[2026-01-19 16:06:11,695][main][INFO] - samples 77008.0   training_loss 318.92  training_loss_running_mean 2348.64 learning_rate 0.00020000 total_sec 18144.6 sec_per_tick 36.1    sec_per_sample 2.26    cpu_mem_gb 2.37   peak_gpu_mem_gb 9.68   peak_gpu_mem_reserved_gb 10.20 
[2026-01-19 16:14:45,106][main][INFO] - samples 78000.0   training_loss 315.56  training_loss_running_mean 2280.39 learning_rate 0.00020000 total_sec 18658.0 sec_per_tick 54.5    sec_per_sample 3.41    cpu_mem_gb 2.37   peak_gpu_mem_gb 9.68   peak_gpu_mem_reserved_gb 10.20 
[2026-01-19 16:23:09,374][main][INFO] - samples 79008.0   training_loss 1424.74 training_loss_running_mean 4040.27 learning_rate 0.00020000 total_sec 19162.3 sec_per_tick 38.4    sec_per_sample 2.40    cpu_mem_gb 2.37   peak_gpu_mem_gb 9.68   peak_gpu_mem_reserved_gb 10.20 
[2026-01-19 16:31:01,860][main][INFO] - samples 80000.0   training_loss 307.28  training_loss_running_mean 2282.52 learning_rate 0.00020000 total_sec 19634.8 sec_per_tick 48.1    sec_per_sample 3.01    cpu_mem_gb 2.37   peak_gpu_mem_gb 9.68   peak_gpu_mem_reserved_gb 10.20 
[2026-01-19 16:31:02,912][checkpoint][INFO] - Saved model state dictionary: /beegfs/muduchuru/codes/physicsnemo/examples/weather/corrdiff/checkpoints_regression/UNet.0.80000.mdlus
[2026-01-19 16:31:03,975][checkpoint][INFO] - Saved training checkpoint: /beegfs/muduchuru/codes/physicsnemo/examples/weather/corrdiff/checkpoints_regression/checkpoint.0.80000.pt
[1;34mwandb[0m: 
[1;34mwandb[0m: You can sync this run to the cloud by running:
[1;34mwandb[0m: [1mwandb sync ./wandb/wandb/offline-run-20260119_110254-d5ai271a[0m
[1;34mwandb[0m: 
[1;34mwandb[0m: You can sync this run to the cloud by running:
[1;34mwandb[0m: [1mwandb sync ./wandb/wandb/offline-run-20260119_110254-6ncu85q0[0m
